// Jest Snapshot v1, https://goo.gl/fbAQLP

exports[`PikachuComponent debe de hacer macht con el snapshot 1`] = `
"<app-navbar></app-navbar><div class=\\"container mt-5\\"><div><h1>Pika Pika</h1><h2>Loading...</h2></div><!--bindings={
  \\"ng-reflect-ng-if-else\\": \\"[object Object]\\"
}--><!--container--></div>"
`;
