// Jest Snapshot v1, https://goo.gl/fbAQLP

exports[`CounterComponent debe de hacer match con el snapshot 1`] = `
<div
  id="root1"
>
  <app-navbar />
  <div
    class="container mt-5"
  >
    <h1>
      Conuter 10
    </h1>
    <hr />
    <button
      class="btn btn-danger mx-1"
    >
      +1
    </button>
    <button
      class="btn btn-danger mx-1"
    >
      -1
    </button>
  </div>
</div>
`;
